// Jest Snapshot v1, https://goo.gl/fbAQLP

exports[`prop modelValue 1`] = `"<view class=\\"miner-radiogroup\\"></view>"`;
